[32m==============================================================
[32m=   INITIALIZING HAYES COMPATIBLE MODEM ...                 =
[32m=   DIALING: 555-RETRO                                     =
[32m=   CARRIER DETECT ................. CONNECT 2400/8/N/1    =
[32m==============================================================[0m
