[36m ______________________________________________________________
[36m|                                                            |
[36m|   [92mR E T R O   B L O G   B B S[36m                           |
[36m|   [93mSince 1995 - News, Logs & Stories[36m                |
[36m|____________________________________________________________|[0m
